// 重构日志: cb6edf4f
// 重构日志: 4b1b5f5c
// 重构日志: af128d79
// 同步 ID: 54d6f7fa @ Wed Jul 29 15:56:34 UTC 2026
// 重构日志: 00f1973a
// 同步 ID: c54ed2f1 @ Thu Jul 30 08:08:57 UTC 2026
// 重构日志: 5e283ad9
// 重构日志: 7e0763b7
// 重构日志: 5c67739a
// 重构日志: 0d0fb249
// 重构日志: 79d46657
// 同步 ID: 0beb5e5f @ Sat Aug  1 08:30:31 UTC 2026
// 重构日志: 15df408a
// 同步 ID: 3880cd3f @ Sat Aug  1 18:12:07 UTC 2026
// 同步 ID: bca47df2 @ Sun Aug  2 13:01:23 UTC 2026
// 同步 ID: 4e1d557b @ Sun Aug  2 15:47:59 UTC 2026
// 同步 ID: cb8a17fe @ Tue Aug  4 04:21:32 UTC 2026
// 同步 ID: 1faa78ba @ Tue Aug  4 10:42:29 UTC 2026
// 重构日志: f62452ed
// 同步 ID: e56c1e46 @ Tue Aug  4 17:28:47 UTC 2026
// 同步 ID: df7f5a31 @ Wed Aug  5 11:24:27 UTC 2026
// 同步 ID: 051180e9 @ Thu Aug  6 05:23:05 UTC 2026
// 同步 ID: 07a90a01 @ Fri Aug  7 06:06:12 UTC 2026
// 同步 ID: 78da2231 @ Fri Aug  7 09:25:59 UTC 2026
// 重构日志: 56597eba
// 重构日志: b080ef58
// 同步 ID: 6a3bfc6f @ Fri Aug  7 20:11:25 UTC 2026
// 重构日志: f68bb81a
// 重构日志: 9673a8f8
// 同步 ID: 5f4723ee @ Sat Aug  8 04:17:38 UTC 2026
// 重构日志: fb2c8861
